Archive member included because of file (symbol)

h:/imt_sdk_win_64/winavr/bin/../lib/gcc/avr/4.3.3/avr5\libgcc.a(_divmodhi4.o)
                              ./main.o (__divmodhi4)
h:/imt_sdk_win_64/winavr/bin/../lib/gcc/avr/4.3.3/avr5\libgcc.a(_exit.o)
                              h:/imt_sdk_win_64/winavr/bin/../lib/gcc/avr/4.3.3/../../../../avr/lib/avr5/crtm32.o (exit)
h:/imt_sdk_win_64/winavr/bin/../lib/gcc/avr/4.3.3/avr5\libgcc.a(_clear_bss.o)
                              ./UART/UART_program.o (__do_clear_bss)
h:/imt_sdk_win_64/winavr/bin/../lib/gcc/avr/4.3.3/avr5\libgcc.a(_udivmodhi4.o)
                              h:/imt_sdk_win_64/winavr/bin/../lib/gcc/avr/4.3.3/avr5\libgcc.a(_divmodhi4.o) (__udivmodhi4)

Memory Configuration

Name             Origin             Length             Attributes
text             0x00000000         0x00020000         xr
data             0x00800060         0x0000ffa0         rw !x
eeprom           0x00810000         0x00010000         rw !x
fuse             0x00820000         0x00000400         rw !x
lock             0x00830000         0x00000400         rw !x
signature        0x00840000         0x00000400         rw !x
*default*        0x00000000         0xffffffff

Linker script and memory map

LOAD h:/imt_sdk_win_64/winavr/bin/../lib/gcc/avr/4.3.3/../../../../avr/lib/avr5/crtm32.o
LOAD ./UART/UART_program.o
LOAD ./TWI/TWI_program.o
LOAD ./TIMERS_revision/TIMERS_program.o
LOAD ./GIE/GIE_program.o
LOAD ./DIO/DIO_program.o
LOAD ./main.o
LOAD h:/imt_sdk_win_64/winavr/bin/../lib/gcc/avr/4.3.3/avr5\libgcc.a
LOAD h:/imt_sdk_win_64/winavr/bin/../lib/gcc/avr/4.3.3/../../../../avr/lib/avr5\libc.a
LOAD h:/imt_sdk_win_64/winavr/bin/../lib/gcc/avr/4.3.3/avr5\libgcc.a

.hash
 *(.hash)

.dynsym
 *(.dynsym)

.dynstr
 *(.dynstr)

.gnu.version
 *(.gnu.version)

.gnu.version_d
 *(.gnu.version_d)

.gnu.version_r
 *(.gnu.version_r)

.rel.init
 *(.rel.init)

.rela.init
 *(.rela.init)

.rel.text
 *(.rel.text)
 *(.rel.text.*)
 *(.rel.gnu.linkonce.t*)

.rela.text
 *(.rela.text)
 *(.rela.text.*)
 *(.rela.gnu.linkonce.t*)

.rel.fini
 *(.rel.fini)

.rela.fini
 *(.rela.fini)

.rel.rodata
 *(.rel.rodata)
 *(.rel.rodata.*)
 *(.rel.gnu.linkonce.r*)

.rela.rodata
 *(.rela.rodata)
 *(.rela.rodata.*)
 *(.rela.gnu.linkonce.r*)

.rel.data
 *(.rel.data)
 *(.rel.data.*)
 *(.rel.gnu.linkonce.d*)

.rela.data
 *(.rela.data)
 *(.rela.data.*)
 *(.rela.gnu.linkonce.d*)

.rel.ctors
 *(.rel.ctors)

.rela.ctors
 *(.rela.ctors)

.rel.dtors
 *(.rel.dtors)

.rela.dtors
 *(.rela.dtors)

.rel.got
 *(.rel.got)

.rela.got
 *(.rela.got)

.rel.bss
 *(.rel.bss)

.rela.bss
 *(.rela.bss)

.rel.plt
 *(.rel.plt)

.rela.plt
 *(.rela.plt)

.text           0x00000000      0xb52
 *(.vectors)
 .vectors       0x00000000       0x54 h:/imt_sdk_win_64/winavr/bin/../lib/gcc/avr/4.3.3/../../../../avr/lib/avr5/crtm32.o
                0x00000000                __vectors
                0x00000000                __vector_default
 *(.vectors)
 *(.progmem.gcc*)
 *(.progmem*)
                0x00000054                . = ALIGN (0x2)
                0x00000054                __trampolines_start = .
 *(.trampolines)
 .trampolines   0x00000054        0x0 linker stubs
 *(.trampolines*)
                0x00000054                __trampolines_end = .
 *(.jumptables)
 *(.jumptables*)
 *(.lowtext)
 *(.lowtext*)
                0x00000054                __ctors_start = .
 *(.ctors)
                0x00000054                __ctors_end = .
                0x00000054                __dtors_start = .
 *(.dtors)
                0x00000054                __dtors_end = .
 SORT(*)(.ctors)
 SORT(*)(.dtors)
 *(.init0)
 .init0         0x00000054        0x0 h:/imt_sdk_win_64/winavr/bin/../lib/gcc/avr/4.3.3/../../../../avr/lib/avr5/crtm32.o
                0x00000054                __init
 *(.init0)
 *(.init1)
 *(.init1)
 *(.init2)
 .init2         0x00000054        0xc h:/imt_sdk_win_64/winavr/bin/../lib/gcc/avr/4.3.3/../../../../avr/lib/avr5/crtm32.o
 *(.init2)
 *(.init3)
 *(.init3)
 *(.init4)
 .init4         0x00000060       0x10 h:/imt_sdk_win_64/winavr/bin/../lib/gcc/avr/4.3.3/avr5\libgcc.a(_clear_bss.o)
                0x00000060                __do_clear_bss
 *(.init4)
 *(.init5)
 *(.init5)
 *(.init6)
 *(.init6)
 *(.init7)
 *(.init7)
 *(.init8)
 *(.init8)
 *(.init9)
 .init9         0x00000070        0x8 h:/imt_sdk_win_64/winavr/bin/../lib/gcc/avr/4.3.3/../../../../avr/lib/avr5/crtm32.o
 *(.init9)
 *(.text)
 .text          0x00000078        0x4 h:/imt_sdk_win_64/winavr/bin/../lib/gcc/avr/4.3.3/../../../../avr/lib/avr5/crtm32.o
                0x00000078                __vector_1
                0x00000078                __vector_12
                0x00000078                __bad_interrupt
                0x00000078                __vector_6
                0x00000078                __vector_3
                0x00000078                __vector_17
                0x00000078                __vector_19
                0x00000078                __vector_7
                0x00000078                __vector_9
                0x00000078                __vector_2
                0x00000078                __vector_15
                0x00000078                __vector_8
                0x00000078                __vector_14
                0x00000078                __vector_16
                0x00000078                __vector_18
                0x00000078                __vector_20
 .text          0x0000007c        0x0 ./UART/UART_program.o
 .text          0x0000007c        0x0 ./TWI/TWI_program.o
 .text          0x0000007c        0x0 ./TIMERS_revision/TIMERS_program.o
 .text          0x0000007c        0x0 ./GIE/GIE_program.o
 .text          0x0000007c        0x0 ./DIO/DIO_program.o
 .text          0x0000007c        0x0 ./main.o
 .text          0x0000007c        0x0 h:/imt_sdk_win_64/winavr/bin/../lib/gcc/avr/4.3.3/avr5\libgcc.a(_divmodhi4.o)
 .text          0x0000007c        0x0 h:/imt_sdk_win_64/winavr/bin/../lib/gcc/avr/4.3.3/avr5\libgcc.a(_exit.o)
 .text          0x0000007c        0x0 h:/imt_sdk_win_64/winavr/bin/../lib/gcc/avr/4.3.3/avr5\libgcc.a(_clear_bss.o)
 .text          0x0000007c        0x0 h:/imt_sdk_win_64/winavr/bin/../lib/gcc/avr/4.3.3/avr5\libgcc.a(_udivmodhi4.o)
                0x0000007c                . = ALIGN (0x2)
 *(.text.*)
 .text.UART_voidInit
                0x0000007c       0x16 ./UART/UART_program.o
                0x0000007c                UART_voidInit
 .text.UART_voidSetBaudRate
                0x00000092        0x2 ./UART/UART_program.o
                0x00000092                UART_voidSetBaudRate
 .text.UART_voidSendByte
                0x00000094        0x8 ./UART/UART_program.o
                0x00000094                UART_voidSendByte
 .text.UART_voidReadByte
                0x0000009c        0xc ./UART/UART_program.o
                0x0000009c                UART_voidReadByte
 .text.UART_voidGetByte
                0x000000a8        0x4 ./UART/UART_program.o
                0x000000a8                UART_voidGetByte
 .text.UART_voidPrintString
                0x000000ac       0x14 ./UART/UART_program.o
                0x000000ac                UART_voidPrintString
 .text.UART_voidReadString
                0x000000c0       0x38 ./UART/UART_program.o
                0x000000c0                UART_voidReadString
 .text.UART_voidSetCallback
                0x000000f8        0xa ./UART/UART_program.o
                0x000000f8                UART_voidSetCallback
 .text.__vector_13
                0x00000102       0x54 ./UART/UART_program.o
                0x00000102                __vector_13
 .text.TWI_voidInit
                0x00000156       0x1c ./TWI/TWI_program.o
                0x00000156                TWI_voidInit
 .text.TWI_u8SendStart
                0x00000172       0x10 ./TWI/TWI_program.o
                0x00000172                TWI_u8SendStart
 .text.TWI_u8SendSlaveAddress
                0x00000182       0x1c ./TWI/TWI_program.o
                0x00000182                TWI_u8SendSlaveAddress
 .text.TWI_u8SendData
                0x0000019e       0x12 ./TWI/TWI_program.o
                0x0000019e                TWI_u8SendData
 .text.TWI_u8ReadData
                0x000001b0       0x24 ./TWI/TWI_program.o
                0x000001b0                TWI_u8ReadData
 .text.TWI_u8StopCondition
                0x000001d4        0xa ./TWI/TWI_program.o
                0x000001d4                TWI_u8StopCondition
 .text.TIMERS_voidInit
                0x000001de       0xb6 ./TIMERS_revision/TIMERS_program.o
                0x000001de                TIMERS_voidInit
 .text.TIMERS_voidStartTimer
                0x00000294       0x2c ./TIMERS_revision/TIMERS_program.o
                0x00000294                TIMERS_voidStartTimer
 .text.TIMERS_voidStopTimer
                0x000002c0       0x26 ./TIMERS_revision/TIMERS_program.o
                0x000002c0                TIMERS_voidStopTimer
 .text.TIMERS_voidSetCallback
                0x000002e6       0x46 ./TIMERS_revision/TIMERS_program.o
                0x000002e6                TIMERS_voidSetCallback
 .text.TIMERS_voidSetPreloadValue
                0x0000032c       0x1c ./TIMERS_revision/TIMERS_program.o
                0x0000032c                TIMERS_voidSetPreloadValue
 .text.TIMERS_voidSetOCRValue
                0x00000348       0x1c ./TIMERS_revision/TIMERS_program.o
                0x00000348                TIMERS_voidSetOCRValue
 .text.TIMERS_voidEnableInterrupt
                0x00000364       0x3a ./TIMERS_revision/TIMERS_program.o
                0x00000364                TIMERS_voidEnableInterrupt
 .text.TIMERS_voidDisableInterrupt
                0x0000039e       0x32 ./TIMERS_revision/TIMERS_program.o
                0x0000039e                TIMERS_voidDisableInterrupt
 .text.TIMERS_voidSetICR1Value
                0x000003d0        0x6 ./TIMERS_revision/TIMERS_program.o
                0x000003d0                TIMERS_voidSetICR1Value
 .text.__vector_10
                0x000003d6       0x58 ./TIMERS_revision/TIMERS_program.o
                0x000003d6                __vector_10
 .text.__vector_11
                0x0000042e       0x58 ./TIMERS_revision/TIMERS_program.o
                0x0000042e                __vector_11
 .text.__vector_4
                0x00000486       0x58 ./TIMERS_revision/TIMERS_program.o
                0x00000486                __vector_4
 .text.__vector_5
                0x000004de       0x58 ./TIMERS_revision/TIMERS_program.o
                0x000004de                __vector_5
 .text.GIE_voidEnableGlobalInterrupts
                0x00000536        0x8 ./GIE/GIE_program.o
                0x00000536                GIE_voidEnableGlobalInterrupts
 .text.GIE_voidDisableGlobalInterrupts
                0x0000053e        0x8 ./GIE/GIE_program.o
                0x0000053e                GIE_voidDisableGlobalInterrupts
 .text.DIO_voidSetPinDirection
                0x00000546       0xf2 ./DIO/DIO_program.o
                0x00000546                DIO_voidSetPinDirection
 .text.DIO_voidSetPinValue
                0x00000638       0xf2 ./DIO/DIO_program.o
                0x00000638                DIO_voidSetPinValue
 .text.DIO_u8GetPinValue
                0x0000072a       0x3e ./DIO/DIO_program.o
                0x0000072a                DIO_u8GetPinValue
 .text.DIO_voidTogglePinValue
                0x00000768       0x22 ./DIO/DIO_program.o
                0x00000768                DIO_voidTogglePinValue
 .text.DIO_voidSetPortDirection
                0x0000078a       0x26 ./DIO/DIO_program.o
                0x0000078a                DIO_voidSetPortDirection
 .text.DIO_voidSetPortValue
                0x000007b0       0x26 ./DIO/DIO_program.o
                0x000007b0                DIO_voidSetPortValue
 .text.DIO_u8GetPortValue
                0x000007d6       0x2a ./DIO/DIO_program.o
                0x000007d6                DIO_u8GetPortValue
 .text.uart_rx  0x00000800       0x46 ./main.o
                0x00000800                uart_rx
 .text.EEPROM_ReadByte
                0x00000846       0x48 ./main.o
                0x00000846                EEPROM_ReadByte
 .text.EEPROM_WriteByte
                0x0000088e       0x2a ./main.o
                0x0000088e                EEPROM_WriteByte
 .text.main     0x000008b8      0x248 ./main.o
                0x000008b8                main
 .text.libgcc   0x00000b00       0x26 h:/imt_sdk_win_64/winavr/bin/../lib/gcc/avr/4.3.3/avr5\libgcc.a(_divmodhi4.o)
                0x00000b00                __divmodhi4
                0x00000b00                _div
 .text.libgcc   0x00000b26        0x0 h:/imt_sdk_win_64/winavr/bin/../lib/gcc/avr/4.3.3/avr5\libgcc.a(_exit.o)
 .text.libgcc   0x00000b26        0x0 h:/imt_sdk_win_64/winavr/bin/../lib/gcc/avr/4.3.3/avr5\libgcc.a(_clear_bss.o)
 .text.libgcc   0x00000b26       0x28 h:/imt_sdk_win_64/winavr/bin/../lib/gcc/avr/4.3.3/avr5\libgcc.a(_udivmodhi4.o)
                0x00000b26                __udivmodhi4
                0x00000b4e                . = ALIGN (0x2)
 *(.fini9)
 .fini9         0x00000b4e        0x0 h:/imt_sdk_win_64/winavr/bin/../lib/gcc/avr/4.3.3/avr5\libgcc.a(_exit.o)
                0x00000b4e                exit
                0x00000b4e                _exit
 *(.fini9)
 *(.fini8)
 *(.fini8)
 *(.fini7)
 *(.fini7)
 *(.fini6)
 *(.fini6)
 *(.fini5)
 *(.fini5)
 *(.fini4)
 *(.fini4)
 *(.fini3)
 *(.fini3)
 *(.fini2)
 *(.fini2)
 *(.fini1)
 *(.fini1)
 *(.fini0)
 .fini0         0x00000b4e        0x4 h:/imt_sdk_win_64/winavr/bin/../lib/gcc/avr/4.3.3/avr5\libgcc.a(_exit.o)
 *(.fini0)
                0x00000b52                _etext = .

.data           0x00800060        0x0 load address 0x00000b52
                0x00800060                PROVIDE (__data_start, .)
 *(.data)
 .data          0x00800060        0x0 h:/imt_sdk_win_64/winavr/bin/../lib/gcc/avr/4.3.3/../../../../avr/lib/avr5/crtm32.o
 .data          0x00800060        0x0 ./UART/UART_program.o
 .data          0x00800060        0x0 ./TWI/TWI_program.o
 .data          0x00800060        0x0 ./TIMERS_revision/TIMERS_program.o
 .data          0x00800060        0x0 ./GIE/GIE_program.o
 .data          0x00800060        0x0 ./DIO/DIO_program.o
 .data          0x00800060        0x0 ./main.o
 .data          0x00800060        0x0 h:/imt_sdk_win_64/winavr/bin/../lib/gcc/avr/4.3.3/avr5\libgcc.a(_divmodhi4.o)
 .data          0x00800060        0x0 h:/imt_sdk_win_64/winavr/bin/../lib/gcc/avr/4.3.3/avr5\libgcc.a(_exit.o)
 .data          0x00800060        0x0 h:/imt_sdk_win_64/winavr/bin/../lib/gcc/avr/4.3.3/avr5\libgcc.a(_clear_bss.o)
 .data          0x00800060        0x0 h:/imt_sdk_win_64/winavr/bin/../lib/gcc/avr/4.3.3/avr5\libgcc.a(_udivmodhi4.o)
 *(.data*)
 *(.rodata)
 *(.rodata*)
 *(.gnu.linkonce.d*)
                0x00800060                . = ALIGN (0x2)
                0x00800060                _edata = .
                0x00800060                PROVIDE (__data_end, .)

.bss            0x00800060       0x18
                0x00800060                PROVIDE (__bss_start, .)
 *(.bss)
 .bss           0x00800060        0x0 h:/imt_sdk_win_64/winavr/bin/../lib/gcc/avr/4.3.3/../../../../avr/lib/avr5/crtm32.o
 .bss           0x00800060        0x0 ./UART/UART_program.o
 .bss           0x00800060        0x0 ./TWI/TWI_program.o
 .bss           0x00800060        0x0 ./TIMERS_revision/TIMERS_program.o
 .bss           0x00800060        0x0 ./GIE/GIE_program.o
 .bss           0x00800060        0x0 ./DIO/DIO_program.o
 .bss           0x00800060        0x0 ./main.o
 .bss           0x00800060        0x0 h:/imt_sdk_win_64/winavr/bin/../lib/gcc/avr/4.3.3/avr5\libgcc.a(_divmodhi4.o)
 .bss           0x00800060        0x0 h:/imt_sdk_win_64/winavr/bin/../lib/gcc/avr/4.3.3/avr5\libgcc.a(_exit.o)
 .bss           0x00800060        0x0 h:/imt_sdk_win_64/winavr/bin/../lib/gcc/avr/4.3.3/avr5\libgcc.a(_clear_bss.o)
 .bss           0x00800060        0x0 h:/imt_sdk_win_64/winavr/bin/../lib/gcc/avr/4.3.3/avr5\libgcc.a(_udivmodhi4.o)
 *(.bss*)
 .bss.Global_Rx_Callback
                0x00800060        0x2 ./UART/UART_program.o
 .bss.Global_Timer2_Callbacks
                0x00800062        0x4 ./TIMERS_revision/TIMERS_program.o
 .bss.Global_Timer0_Callbacks
                0x00800066        0x4 ./TIMERS_revision/TIMERS_program.o
 .bss.buzzer_flag
                0x0080006a        0x1 ./main.o
                0x0080006a                buzzer_flag
 .bss.door_flag
                0x0080006b        0x1 ./main.o
                0x0080006b                door_flag
 .bss.changePass_flag
                0x0080006c        0x1 ./main.o
                0x0080006c                changePass_flag
 .bss.buffer    0x0080006d        0xa ./main.o
                0x0080006d                buffer
 .bss.buffer_index
                0x00800077        0x1 ./main.o
                0x00800077                buffer_index
 *(COMMON)
                0x00800078                PROVIDE (__bss_end, .)
                0x00000b52                __data_load_start = LOADADDR (.data)
                0x00000b52                __data_load_end = (__data_load_start + SIZEOF (.data))

.noinit         0x00800078        0x0
                0x00800078                PROVIDE (__noinit_start, .)
 *(.noinit*)
                0x00800078                PROVIDE (__noinit_end, .)
                0x00800078                _end = .
                0x00800078                PROVIDE (__heap_start, .)

.eeprom         0x00810000        0x0
 *(.eeprom*)
                0x00810000                __eeprom_end = .

.fuse
 *(.fuse)
 *(.lfuse)
 *(.hfuse)
 *(.efuse)

.lock
 *(.lock*)

.signature
 *(.signature*)

.stab
 *(.stab)

.stabstr
 *(.stabstr)

.stab.excl
 *(.stab.excl)

.stab.exclstr
 *(.stab.exclstr)

.stab.index
 *(.stab.index)

.stab.indexstr
 *(.stab.indexstr)

.comment
 *(.comment)

.debug
 *(.debug)

.line
 *(.line)

.debug_srcinfo
 *(.debug_srcinfo)

.debug_sfnames
 *(.debug_sfnames)

.debug_aranges
 *(.debug_aranges)

.debug_pubnames
 *(.debug_pubnames)

.debug_info
 *(.debug_info)
 *(.gnu.linkonce.wi.*)

.debug_abbrev
 *(.debug_abbrev)

.debug_line
 *(.debug_line)

.debug_frame
 *(.debug_frame)

.debug_str
 *(.debug_str)

.debug_loc
 *(.debug_loc)

.debug_macinfo
 *(.debug_macinfo)
OUTPUT(DoorLocker_MainProject_Slave.elf elf32-avr)
LOAD linker stubs
